[0.027s] Invoking command in '/home/ti5robot/hand_control_ws/build/hand_control': /usr/bin/cmake /home/ti5robot/hand_control_ws/src/hand_control -DCMAKE_INSTALL_PREFIX=/home/ti5robot/hand_control_ws/install/hand_control
[0.189s] -- The C compiler identification is GNU 11.4.0
[0.343s] -- The CXX compiler identification is GNU 11.4.0
[0.367s] -- Detecting C compiler ABI info
[0.519s] -- Detecting C compiler ABI info - done
[0.540s] -- Check for working C compiler: /usr/bin/cc - skipped
[0.543s] -- Detecting C compile features
[0.545s] -- Detecting C compile features - done
[0.554s] -- Detecting CXX compiler ABI info
[0.729s] -- Detecting CXX compiler ABI info - done
[0.748s] -- Check for working CXX compiler: /usr/bin/c++ - skipped
[0.748s] -- Detecting CXX compile features
[0.749s] -- Detecting CXX compile features - done
[0.763s] -- Found ament_cmake: 1.3.11 (/opt/ros/humble/share/ament_cmake/cmake)
[1.094s] -- Found Python3: /usr/bin/python3 (found version "3.10.12") found components: Interpreter 
[1.309s] -- Found rclcpp: 16.0.11 (/opt/ros/humble/share/rclcpp/cmake)
[1.395s] -- Found rosidl_generator_c: 3.1.6 (/opt/ros/humble/share/rosidl_generator_c/cmake)
[1.404s] -- Found rosidl_adapter: 3.1.6 (/opt/ros/humble/share/rosidl_adapter/cmake)
[1.420s] -- Found rosidl_generator_cpp: 3.1.6 (/opt/ros/humble/share/rosidl_generator_cpp/cmake)
[1.446s] -- Using all available rosidl_typesupport_c: rosidl_typesupport_fastrtps_c;rosidl_typesupport_introspection_c
[1.478s] -- Using all available rosidl_typesupport_cpp: rosidl_typesupport_fastrtps_cpp;rosidl_typesupport_introspection_cpp
[1.567s] -- Found rmw_implementation_cmake: 6.1.2 (/opt/ros/humble/share/rmw_implementation_cmake/cmake)
[1.571s] -- Found rmw_fastrtps_cpp: 6.2.7 (/opt/ros/humble/share/rmw_fastrtps_cpp/cmake)
[1.726s] -- Found OpenSSL: /usr/lib/aarch64-linux-gnu/libcrypto.so (found version "3.0.2")  
[1.785s] -- Found FastRTPS: /opt/ros/humble/include  
[1.857s] -- Using RMW implementation 'rmw_fastrtps_cpp' as default
[1.873s] -- Looking for pthread.h
[2.015s] -- Looking for pthread.h - found
[2.016s] -- Performing Test CMAKE_HAVE_LIBC_PTHREAD
[2.168s] -- Performing Test CMAKE_HAVE_LIBC_PTHREAD - Success
[2.172s] -- Found Threads: TRUE  
[2.430s] Error parsing '/home/ti5robot/hand_control_ws/src/hand_control/package.xml':
[2.534s] Traceback (most recent call last):
[2.534s]   File "/usr/lib/python3/dist-packages/catkin_pkg/package.py", line 610, in parse_package_string
[2.535s]     root = dom.parseString(data)
[2.535s]   File "/usr/lib/python3.10/xml/dom/minidom.py", line 2000, in parseString
[2.535s]     return expatbuilder.parseString(string)
[2.536s]   File "/usr/lib/python3.10/xml/dom/expatbuilder.py", line 925, in parseString
[2.536s]     return builder.parseString(string)
[2.537s]   File "/usr/lib/python3.10/xml/dom/expatbuilder.py", line 223, in parseString
[2.537s]     parser.Parse(string, True)
[2.537s] xml.parsers.expat.ExpatError: XML or text declaration not at start of entity: line 25, column 0
[2.537s] 
[2.537s] During handling of the above exception, another exception occurred:
[2.537s] 
[2.537s] Traceback (most recent call last):
[2.537s]   File "/opt/ros/humble/share/ament_cmake_core/cmake/core/package_xml_2_cmake.py", line 150, in <module>
[2.538s]     main()
[2.538s]   File "/opt/ros/humble/share/ament_cmake_core/cmake/core/package_xml_2_cmake.py", line 53, in main
[2.538s]     raise e
[2.538s]   File "/opt/ros/humble/share/ament_cmake_core/cmake/core/package_xml_2_cmake.py", line 49, in main
[2.538s]     package = parse_package_string(
[2.538s]   File "/usr/lib/python3/dist-packages/catkin_pkg/package.py", line 612, in parse_package_string
[2.538s]     raise InvalidPackage('The manifest contains invalid XML:\n%s' % ex, filename)
[2.538s] catkin_pkg.package.InvalidPackage: Error(s) in package '/home/ti5robot/hand_control_ws/src/hand_control/package.xml':
[2.538s] The manifest contains invalid XML:
[2.539s] XML or text declaration not at start of entity: line 25, column 0
[2.581s] [31mCMake Error at /opt/ros/humble/share/ament_cmake_core/cmake/core/ament_package_xml.cmake:95 (message):
[2.581s]   execute_process(/usr/bin/python3
[2.581s]   /opt/ros/humble/share/ament_cmake_core/cmake/core/package_xml_2_cmake.py
[2.582s]   /home/ti5robot/hand_control_ws/src/hand_control/package.xml
[2.582s]   /home/ti5robot/hand_control_ws/build/hand_control/ament_cmake_core/package.cmake)
[2.582s]   returned error code 1
[2.582s] Call Stack (most recent call first):
[2.582s]   /opt/ros/humble/share/ament_cmake_core/cmake/core/ament_package_xml.cmake:49 (_ament_package_xml)
[2.582s]   /opt/ros/humble/share/ament_cmake_core/cmake/core/ament_package.cmake:63 (ament_package_xml)
[2.582s]   CMakeLists.txt:73 (ament_package)
[2.582s] 
[2.582s] [0m
[2.583s] -- Configuring incomplete, errors occurred!
[2.583s] See also "/home/ti5robot/hand_control_ws/build/hand_control/CMakeFiles/CMakeOutput.log".
[2.612s] Invoked command in '/home/ti5robot/hand_control_ws/build/hand_control' returned '1': /usr/bin/cmake /home/ti5robot/hand_control_ws/src/hand_control -DCMAKE_INSTALL_PREFIX=/home/ti5robot/hand_control_ws/install/hand_control
