[0.000000] (-) TimerEvent: {}
[0.001025] (hand_control) JobQueued: {'identifier': 'hand_control', 'dependencies': OrderedDict()}
[0.001917] (hand_control) JobStarted: {'identifier': 'hand_control'}
[0.025942] (hand_control) JobProgress: {'identifier': 'hand_control', 'progress': 'cmake'}
[0.027282] (hand_control) Command: {'cmd': ['/usr/bin/cmake', '/home/ti5robot/hand_control_ws/src/hand_control', '-DCMAKE_INSTALL_PREFIX=/home/ti5robot/hand_control_ws/install/hand_control'], 'cwd': '/home/ti5robot/hand_control_ws/build/hand_control', 'env': OrderedDict([('LESSOPEN', '| /usr/bin/lesspipe %s'), ('USER', 'ti5robot'), ('XDG_SESSION_TYPE', 'x11'), ('SHLVL', '1'), ('LD_LIBRARY_PATH', '/opt/ros/humble/opt/rviz_ogre_vendor/lib:/opt/ros/humble/lib/aarch64-linux-gnu:/opt/ros/humble/lib:/usr/local/cuda-12.6/lib64:'), ('HOME', '/home/ti5robot'), ('OLDPWD', '/home/ti5robot/hand_control_ws/src/hand_control/src'), ('DESKTOP_SESSION', 'ubuntu'), ('ROS_PYTHON_VERSION', '3'), ('GNOME_SHELL_SESSION_MODE', 'ubuntu'), ('GTK_MODULES', 'gail:atk-bridge'), ('SYSTEMD_EXEC_PID', '1593'), ('DBUS_SESSION_BUS_ADDRESS', 'unix:path=/run/user/1000/bus'), ('COLORTERM', 'truecolor'), ('IM_CONFIG_PHASE', '1'), ('ROS_DISTRO', 'humble'), ('GTK_IM_MODULE', 'ibus'), ('LOGNAME', 'ti5robot'), ('DESKTOP_AUTOSTART_ID', '10ea71c2999f6c153e174467964280689200000015930017'), ('_', '/usr/bin/colcon'), ('ROS_VERSION', '2'), ('XDG_SESSION_CLASS', 'user'), ('USERNAME', 'ti5robot'), ('TERM', 'xterm-256color'), ('GNOME_DESKTOP_SESSION_ID', 'this-is-deprecated'), ('ROS_LOCALHOST_ONLY', '0'), ('WINDOWPATH', '2'), ('PATH', '/opt/ros/humble/bin:/usr/local/cuda-12.6/bin:/home/ti5robot/.local/bin:/usr/local/sbin:/usr/local/bin:/usr/sbin:/usr/bin:/sbin:/bin:/usr/games:/usr/local/games:/snap/bin:/snap/bin'), ('SESSION_MANAGER', 'local/ubuntu:@/tmp/.ICE-unix/1593,unix/ubuntu:/tmp/.ICE-unix/1593'), ('XDG_MENU_PREFIX', 'gnome-'), ('GNOME_TERMINAL_SCREEN', '/org/gnome/Terminal/screen/938fbd80_a2fa_42b1_b27e_961683a879ff'), ('XDG_RUNTIME_DIR', '/run/user/1000'), ('DISPLAY', ':0'), ('LANG', 'en_US.UTF-8'), ('XDG_CURRENT_DESKTOP', 'ubuntu:GNOME'), ('XMODIFIERS', '@im=ibus'), ('XDG_SESSION_DESKTOP', 'ubuntu'), ('XAUTHORITY', '/run/user/1000/gdm/Xauthority'), ('LS_COLORS', 'rs=0:di=01;34:ln=01;36:mh=00:pi=40;33:so=01;35:do=01;35:bd=40;33;01:cd=40;33;01:or=40;31;01:mi=00:su=37;41:sg=30;43:ca=30;41:tw=30;42:ow=34;42:st=37;44:ex=01;32:*.tar=01;31:*.tgz=01;31:*.arc=01;31:*.arj=01;31:*.taz=01;31:*.lha=01;31:*.lz4=01;31:*.lzh=01;31:*.lzma=01;31:*.tlz=01;31:*.txz=01;31:*.tzo=01;31:*.t7z=01;31:*.zip=01;31:*.z=01;31:*.dz=01;31:*.gz=01;31:*.lrz=01;31:*.lz=01;31:*.lzo=01;31:*.xz=01;31:*.zst=01;31:*.tzst=01;31:*.bz2=01;31:*.bz=01;31:*.tbz=01;31:*.tbz2=01;31:*.tz=01;31:*.deb=01;31:*.rpm=01;31:*.jar=01;31:*.war=01;31:*.ear=01;31:*.sar=01;31:*.rar=01;31:*.alz=01;31:*.ace=01;31:*.zoo=01;31:*.cpio=01;31:*.7z=01;31:*.rz=01;31:*.cab=01;31:*.wim=01;31:*.swm=01;31:*.dwm=01;31:*.esd=01;31:*.jpg=01;35:*.jpeg=01;35:*.mjpg=01;35:*.mjpeg=01;35:*.gif=01;35:*.bmp=01;35:*.pbm=01;35:*.pgm=01;35:*.ppm=01;35:*.tga=01;35:*.xbm=01;35:*.xpm=01;35:*.tif=01;35:*.tiff=01;35:*.png=01;35:*.svg=01;35:*.svgz=01;35:*.mng=01;35:*.pcx=01;35:*.mov=01;35:*.mpg=01;35:*.mpeg=01;35:*.m2v=01;35:*.mkv=01;35:*.webm=01;35:*.webp=01;35:*.ogm=01;35:*.mp4=01;35:*.m4v=01;35:*.mp4v=01;35:*.vob=01;35:*.qt=01;35:*.nuv=01;35:*.wmv=01;35:*.asf=01;35:*.rm=01;35:*.rmvb=01;35:*.flc=01;35:*.avi=01;35:*.fli=01;35:*.flv=01;35:*.gl=01;35:*.dl=01;35:*.xcf=01;35:*.xwd=01;35:*.yuv=01;35:*.cgm=01;35:*.emf=01;35:*.ogv=01;35:*.ogx=01;35:*.aac=00;36:*.au=00;36:*.flac=00;36:*.m4a=00;36:*.mid=00;36:*.midi=00;36:*.mka=00;36:*.mp3=00;36:*.mpc=00;36:*.ogg=00;36:*.ra=00;36:*.wav=00;36:*.oga=00;36:*.opus=00;36:*.spx=00;36:*.xspf=00;36:'), ('GNOME_TERMINAL_SERVICE', ':1.83'), ('SSH_AGENT_LAUNCHER', 'gnome-keyring'), ('SSH_AUTH_SOCK', '/run/user/1000/keyring/ssh'), ('AMENT_PREFIX_PATH', '/opt/ros/humble'), ('SHELL', '/bin/bash'), ('QT_ACCESSIBILITY', '1'), ('GDMSESSION', 'ubuntu'), ('LESSCLOSE', '/usr/bin/lesspipe %s %s'), ('GPG_AGENT_INFO', '/run/user/1000/gnupg/S.gpg-agent:0:1'), ('QT_IM_MODULE', 'ibus'), ('PWD', '/home/ti5robot/hand_control_ws/build/hand_control'), ('XDG_CONFIG_DIRS', '/etc/xdg/xdg-ubuntu:/etc/xdg'), ('XDG_DATA_DIRS', '/usr/share/ubuntu:/usr/share/gnome:/usr/local/share/:/usr/share/:/var/lib/snapd/desktop'), ('PYTHONPATH', '/opt/ros/humble/lib/python3.10/site-packages:/opt/ros/humble/local/lib/python3.10/dist-packages'), ('COLCON', '1'), ('VTE_VERSION', '6800')]), 'shell': False}
[0.099273] (-) TimerEvent: {}
[0.190786] (hand_control) StdoutLine: {'line': b'-- The C compiler identification is GNU 11.4.0\n'}
[0.199367] (-) TimerEvent: {}
[0.300016] (-) TimerEvent: {}
[0.344684] (hand_control) StdoutLine: {'line': b'-- The CXX compiler identification is GNU 11.4.0\n'}
[0.368339] (hand_control) StdoutLine: {'line': b'-- Detecting C compiler ABI info\n'}
[0.400126] (-) TimerEvent: {}
[0.500751] (-) TimerEvent: {}
[0.520599] (hand_control) StdoutLine: {'line': b'-- Detecting C compiler ABI info - done\n'}
[0.541384] (hand_control) StdoutLine: {'line': b'-- Check for working C compiler: /usr/bin/cc - skipped\n'}
[0.545020] (hand_control) StdoutLine: {'line': b'-- Detecting C compile features\n'}
[0.546756] (hand_control) StdoutLine: {'line': b'-- Detecting C compile features - done\n'}
[0.555746] (hand_control) StdoutLine: {'line': b'-- Detecting CXX compiler ABI info\n'}
[0.600939] (-) TimerEvent: {}
[0.701689] (-) TimerEvent: {}
[0.730937] (hand_control) StdoutLine: {'line': b'-- Detecting CXX compiler ABI info - done\n'}
[0.749582] (hand_control) StdoutLine: {'line': b'-- Check for working CXX compiler: /usr/bin/c++ - skipped\n'}
[0.750358] (hand_control) StdoutLine: {'line': b'-- Detecting CXX compile features\n'}
[0.751388] (hand_control) StdoutLine: {'line': b'-- Detecting CXX compile features - done\n'}
[0.764618] (hand_control) StdoutLine: {'line': b'-- Found ament_cmake: 1.3.11 (/opt/ros/humble/share/ament_cmake/cmake)\n'}
[0.801783] (-) TimerEvent: {}
[0.902393] (-) TimerEvent: {}
[1.003292] (-) TimerEvent: {}
[1.095997] (hand_control) StdoutLine: {'line': b'-- Found Python3: /usr/bin/python3 (found version "3.10.12") found components: Interpreter \n'}
[1.103392] (-) TimerEvent: {}
[1.203896] (-) TimerEvent: {}
[1.304412] (-) TimerEvent: {}
[1.310379] (hand_control) StdoutLine: {'line': b'-- Found rclcpp: 16.0.11 (/opt/ros/humble/share/rclcpp/cmake)\n'}
[1.397078] (hand_control) StdoutLine: {'line': b'-- Found rosidl_generator_c: 3.1.6 (/opt/ros/humble/share/rosidl_generator_c/cmake)\n'}
[1.404490] (-) TimerEvent: {}
[1.405638] (hand_control) StdoutLine: {'line': b'-- Found rosidl_adapter: 3.1.6 (/opt/ros/humble/share/rosidl_adapter/cmake)\n'}
[1.421951] (hand_control) StdoutLine: {'line': b'-- Found rosidl_generator_cpp: 3.1.6 (/opt/ros/humble/share/rosidl_generator_cpp/cmake)\n'}
[1.447880] (hand_control) StdoutLine: {'line': b'-- Using all available rosidl_typesupport_c: rosidl_typesupport_fastrtps_c;rosidl_typesupport_introspection_c\n'}
[1.479940] (hand_control) StdoutLine: {'line': b'-- Using all available rosidl_typesupport_cpp: rosidl_typesupport_fastrtps_cpp;rosidl_typesupport_introspection_cpp\n'}
[1.504685] (-) TimerEvent: {}
[1.568477] (hand_control) StdoutLine: {'line': b'-- Found rmw_implementation_cmake: 6.1.2 (/opt/ros/humble/share/rmw_implementation_cmake/cmake)\n'}
[1.573433] (hand_control) StdoutLine: {'line': b'-- Found rmw_fastrtps_cpp: 6.2.7 (/opt/ros/humble/share/rmw_fastrtps_cpp/cmake)\n'}
[1.604777] (-) TimerEvent: {}
[1.705282] (-) TimerEvent: {}
[1.727637] (hand_control) StdoutLine: {'line': b'-- Found OpenSSL: /usr/lib/aarch64-linux-gnu/libcrypto.so (found version "3.0.2")  \n'}
[1.786602] (hand_control) StdoutLine: {'line': b'-- Found FastRTPS: /opt/ros/humble/include  \n'}
[1.805393] (-) TimerEvent: {}
[1.858704] (hand_control) StdoutLine: {'line': b"-- Using RMW implementation 'rmw_fastrtps_cpp' as default\n"}
[1.874996] (hand_control) StdoutLine: {'line': b'-- Looking for pthread.h\n'}
[1.905510] (-) TimerEvent: {}
[2.006134] (-) TimerEvent: {}
[2.016904] (hand_control) StdoutLine: {'line': b'-- Looking for pthread.h - found\n'}
[2.018089] (hand_control) StdoutLine: {'line': b'-- Performing Test CMAKE_HAVE_LIBC_PTHREAD\n'}
[2.106314] (-) TimerEvent: {}
[2.169860] (hand_control) StdoutLine: {'line': b'-- Performing Test CMAKE_HAVE_LIBC_PTHREAD - Success\n'}
[2.173651] (hand_control) StdoutLine: {'line': b'-- Found Threads: TRUE  \n'}
[2.206524] (-) TimerEvent: {}
[2.307356] (-) TimerEvent: {}
[2.408035] (-) TimerEvent: {}
[2.432020] (hand_control) StderrLine: {'line': b"Error parsing '/home/ti5robot/hand_control_ws/src/hand_control/package.xml':\n"}
[2.508177] (-) TimerEvent: {}
[2.535930] (hand_control) StderrLine: {'line': b'Traceback (most recent call last):\n'}
[2.536364] (hand_control) StderrLine: {'line': b'  File "/usr/lib/python3/dist-packages/catkin_pkg/package.py", line 610, in parse_package_string\n'}
[2.536643] (hand_control) StderrLine: {'line': b'    root = dom.parseString(data)\n'}
[2.536865] (hand_control) StderrLine: {'line': b'  File "/usr/lib/python3.10/xml/dom/minidom.py", line 2000, in parseString\n'}
[2.537482] (hand_control) StderrLine: {'line': b'    return expatbuilder.parseString(string)\n'}
[2.537667] (hand_control) StderrLine: {'line': b'  File "/usr/lib/python3.10/xml/dom/expatbuilder.py", line 925, in parseString\n'}
[2.538230] (hand_control) StderrLine: {'line': b'    return builder.parseString(string)\n'}
[2.538634] (hand_control) StderrLine: {'line': b'  File "/usr/lib/python3.10/xml/dom/expatbuilder.py", line 223, in parseString\n'}
[2.538823] (hand_control) StderrLine: {'line': b'    parser.Parse(string, True)\n'}
[2.538969] (hand_control) StderrLine: {'line': b'xml.parsers.expat.ExpatError: XML or text declaration not at start of entity: line 25, column 0\n'}
[2.539102] (hand_control) StderrLine: {'line': b'\n'}
[2.539226] (hand_control) StderrLine: {'line': b'During handling of the above exception, another exception occurred:\n'}
[2.539345] (hand_control) StderrLine: {'line': b'\n'}
[2.539457] (hand_control) StderrLine: {'line': b'Traceback (most recent call last):\n'}
[2.539570] (hand_control) StderrLine: {'line': b'  File "/opt/ros/humble/share/ament_cmake_core/cmake/core/package_xml_2_cmake.py", line 150, in <module>\n'}
[2.539710] (hand_control) StderrLine: {'line': b'    main()\n'}
[2.539856] (hand_control) StderrLine: {'line': b'  File "/opt/ros/humble/share/ament_cmake_core/cmake/core/package_xml_2_cmake.py", line 53, in main\n'}
[2.539978] (hand_control) StderrLine: {'line': b'    raise e\n'}
[2.540090] (hand_control) StderrLine: {'line': b'  File "/opt/ros/humble/share/ament_cmake_core/cmake/core/package_xml_2_cmake.py", line 49, in main\n'}
[2.540201] (hand_control) StderrLine: {'line': b'    package = parse_package_string(\n'}
[2.540309] (hand_control) StderrLine: {'line': b'  File "/usr/lib/python3/dist-packages/catkin_pkg/package.py", line 612, in parse_package_string\n'}
[2.540418] (hand_control) StderrLine: {'line': b"    raise InvalidPackage('The manifest contains invalid XML:\\n%s' % ex, filename)\n"}
[2.540527] (hand_control) StderrLine: {'line': b"catkin_pkg.package.InvalidPackage: Error(s) in package '/home/ti5robot/hand_control_ws/src/hand_control/package.xml':\n"}
[2.540637] (hand_control) StderrLine: {'line': b'The manifest contains invalid XML:\n'}
[2.540744] (hand_control) StderrLine: {'line': b'XML or text declaration not at start of entity: line 25, column 0\n'}
[2.582685] (hand_control) StderrLine: {'line': b'\x1b[31mCMake Error at /opt/ros/humble/share/ament_cmake_core/cmake/core/ament_package_xml.cmake:95 (message):\n'}
[2.583234] (hand_control) StderrLine: {'line': b'  execute_process(/usr/bin/python3\n'}
[2.583398] (hand_control) StderrLine: {'line': b'  /opt/ros/humble/share/ament_cmake_core/cmake/core/package_xml_2_cmake.py\n'}
[2.583666] (hand_control) StderrLine: {'line': b'  /home/ti5robot/hand_control_ws/src/hand_control/package.xml\n'}
[2.583826] (hand_control) StderrLine: {'line': b'  /home/ti5robot/hand_control_ws/build/hand_control/ament_cmake_core/package.cmake)\n'}
[2.583956] (hand_control) StderrLine: {'line': b'  returned error code 1\n'}
[2.584073] (hand_control) StderrLine: {'line': b'Call Stack (most recent call first):\n'}
[2.584213] (hand_control) StderrLine: {'line': b'  /opt/ros/humble/share/ament_cmake_core/cmake/core/ament_package_xml.cmake:49 (_ament_package_xml)\n'}
[2.584329] (hand_control) StderrLine: {'line': b'  /opt/ros/humble/share/ament_cmake_core/cmake/core/ament_package.cmake:63 (ament_package_xml)\n'}
[2.584443] (hand_control) StderrLine: {'line': b'  CMakeLists.txt:73 (ament_package)\n'}
[2.584553] (hand_control) StderrLine: {'line': b'\n'}
[2.584664] (hand_control) StderrLine: {'line': b'\x1b[0m\n'}
[2.584773] (hand_control) StdoutLine: {'line': b'-- Configuring incomplete, errors occurred!\n'}
[2.584910] (hand_control) StdoutLine: {'line': b'See also "/home/ti5robot/hand_control_ws/build/hand_control/CMakeFiles/CMakeOutput.log".\n'}
[2.608289] (-) TimerEvent: {}
[2.613540] (hand_control) CommandEnded: {'returncode': 1}
[2.615354] (hand_control) JobEnded: {'identifier': 'hand_control', 'rc': 1}
[2.625705] (-) EventReactorShutdown: {}
